INFO: [VRFC 10-2263] Analyzing Verilog file "C:/Users/guan/Desktop/pynq_project/exponential/exponential.sim/sim_1/synth/timing/xsim/mul_kappa_tb_time_synth.v" into library xil_defaultlib
INFO: [VRFC 10-311] analyzing module DSP48E2_UNIQ_BASE_
INFO: [VRFC 10-311] analyzing module DSP48E2_HD1
INFO: [VRFC 10-311] analyzing module IBUF_UNIQ_BASE_
INFO: [VRFC 10-311] analyzing module IBUF_HD100
INFO: [VRFC 10-311] analyzing module IBUF_HD101
INFO: [VRFC 10-311] analyzing module IBUF_HD102
INFO: [VRFC 10-311] analyzing module IBUF_HD103
INFO: [VRFC 10-311] analyzing module IBUF_HD104
INFO: [VRFC 10-311] analyzing module IBUF_HD105
INFO: [VRFC 10-311] analyzing module IBUF_HD106
INFO: [VRFC 10-311] analyzing module IBUF_HD107
INFO: [VRFC 10-311] analyzing module IBUF_HD17
INFO: [VRFC 10-311] analyzing module IBUF_HD18
INFO: [VRFC 10-311] analyzing module IBUF_HD19
INFO: [VRFC 10-311] analyzing module IBUF_HD20
INFO: [VRFC 10-311] analyzing module IBUF_HD21
INFO: [VRFC 10-311] analyzing module IBUF_HD22
INFO: [VRFC 10-311] analyzing module IBUF_HD23
INFO: [VRFC 10-311] analyzing module IBUF_HD24
INFO: [VRFC 10-311] analyzing module IBUF_HD25
INFO: [VRFC 10-311] analyzing module IBUF_HD26
INFO: [VRFC 10-311] analyzing module IBUF_HD27
INFO: [VRFC 10-311] analyzing module IBUF_HD28
INFO: [VRFC 10-311] analyzing module IBUF_HD29
INFO: [VRFC 10-311] analyzing module IBUF_HD30
INFO: [VRFC 10-311] analyzing module IBUF_HD31
INFO: [VRFC 10-311] analyzing module IBUF_HD32
INFO: [VRFC 10-311] analyzing module IBUF_HD33
INFO: [VRFC 10-311] analyzing module IBUF_HD34
INFO: [VRFC 10-311] analyzing module IBUF_HD35
INFO: [VRFC 10-311] analyzing module IBUF_HD36
INFO: [VRFC 10-311] analyzing module IBUF_HD37
INFO: [VRFC 10-311] analyzing module IBUF_HD38
INFO: [VRFC 10-311] analyzing module IBUF_HD55
INFO: [VRFC 10-311] analyzing module IBUF_HD56
INFO: [VRFC 10-311] analyzing module IBUF_HD57
INFO: [VRFC 10-311] analyzing module IBUF_HD58
INFO: [VRFC 10-311] analyzing module IBUF_HD59
INFO: [VRFC 10-311] analyzing module IBUF_HD60
INFO: [VRFC 10-311] analyzing module IBUF_HD61
INFO: [VRFC 10-311] analyzing module IBUF_HD62
INFO: [VRFC 10-311] analyzing module IBUF_HD63
INFO: [VRFC 10-311] analyzing module IBUF_HD64
INFO: [VRFC 10-311] analyzing module IBUF_HD65
INFO: [VRFC 10-311] analyzing module IBUF_HD66
INFO: [VRFC 10-311] analyzing module IBUF_HD67
INFO: [VRFC 10-311] analyzing module IBUF_HD68
INFO: [VRFC 10-311] analyzing module IBUF_HD69
INFO: [VRFC 10-311] analyzing module IBUF_HD70
INFO: [VRFC 10-311] analyzing module IBUF_HD87
INFO: [VRFC 10-311] analyzing module IBUF_HD88
INFO: [VRFC 10-311] analyzing module IBUF_HD89
INFO: [VRFC 10-311] analyzing module IBUF_HD90
INFO: [VRFC 10-311] analyzing module IBUF_HD91
INFO: [VRFC 10-311] analyzing module IBUF_HD92
INFO: [VRFC 10-311] analyzing module IBUF_HD93
INFO: [VRFC 10-311] analyzing module IBUF_HD94
INFO: [VRFC 10-311] analyzing module IBUF_HD95
INFO: [VRFC 10-311] analyzing module IBUF_HD96
INFO: [VRFC 10-311] analyzing module IBUF_HD97
INFO: [VRFC 10-311] analyzing module IBUF_HD98
INFO: [VRFC 10-311] analyzing module IBUF_HD99
INFO: [VRFC 10-311] analyzing module RAM32X1S_UNIQ_BASE_
INFO: [VRFC 10-311] analyzing module RAM32X1S_HD10
INFO: [VRFC 10-311] analyzing module RAM32X1S_HD11
INFO: [VRFC 10-311] analyzing module RAM32X1S_HD12
INFO: [VRFC 10-311] analyzing module RAM32X1S_HD13
INFO: [VRFC 10-311] analyzing module RAM32X1S_HD14
INFO: [VRFC 10-311] analyzing module RAM32X1S_HD15
INFO: [VRFC 10-311] analyzing module RAM32X1S_HD16
INFO: [VRFC 10-311] analyzing module RAM32X1S_HD2
INFO: [VRFC 10-311] analyzing module RAM32X1S_HD3
INFO: [VRFC 10-311] analyzing module RAM32X1S_HD39
INFO: [VRFC 10-311] analyzing module RAM32X1S_HD4
INFO: [VRFC 10-311] analyzing module RAM32X1S_HD40
INFO: [VRFC 10-311] analyzing module RAM32X1S_HD41
INFO: [VRFC 10-311] analyzing module RAM32X1S_HD42
INFO: [VRFC 10-311] analyzing module RAM32X1S_HD43
INFO: [VRFC 10-311] analyzing module RAM32X1S_HD44
INFO: [VRFC 10-311] analyzing module RAM32X1S_HD45
INFO: [VRFC 10-311] analyzing module RAM32X1S_HD46
INFO: [VRFC 10-311] analyzing module RAM32X1S_HD47
INFO: [VRFC 10-311] analyzing module RAM32X1S_HD48
INFO: [VRFC 10-311] analyzing module RAM32X1S_HD49
INFO: [VRFC 10-311] analyzing module RAM32X1S_HD5
INFO: [VRFC 10-311] analyzing module RAM32X1S_HD50
INFO: [VRFC 10-311] analyzing module RAM32X1S_HD51
INFO: [VRFC 10-311] analyzing module RAM32X1S_HD52
INFO: [VRFC 10-311] analyzing module RAM32X1S_HD53
INFO: [VRFC 10-311] analyzing module RAM32X1S_HD54
INFO: [VRFC 10-311] analyzing module RAM32X1S_HD6
INFO: [VRFC 10-311] analyzing module RAM32X1S_HD7
INFO: [VRFC 10-311] analyzing module RAM32X1S_HD71
INFO: [VRFC 10-311] analyzing module RAM32X1S_HD72
INFO: [VRFC 10-311] analyzing module RAM32X1S_HD73
INFO: [VRFC 10-311] analyzing module RAM32X1S_HD74
INFO: [VRFC 10-311] analyzing module RAM32X1S_HD75
INFO: [VRFC 10-311] analyzing module RAM32X1S_HD76
INFO: [VRFC 10-311] analyzing module RAM32X1S_HD77
INFO: [VRFC 10-311] analyzing module RAM32X1S_HD78
INFO: [VRFC 10-311] analyzing module RAM32X1S_HD79
INFO: [VRFC 10-311] analyzing module RAM32X1S_HD8
INFO: [VRFC 10-311] analyzing module RAM32X1S_HD80
INFO: [VRFC 10-311] analyzing module RAM32X1S_HD81
INFO: [VRFC 10-311] analyzing module RAM32X1S_HD82
INFO: [VRFC 10-311] analyzing module RAM32X1S_HD83
INFO: [VRFC 10-311] analyzing module RAM32X1S_HD84
INFO: [VRFC 10-311] analyzing module RAM32X1S_HD85
INFO: [VRFC 10-311] analyzing module RAM32X1S_HD86
INFO: [VRFC 10-311] analyzing module RAM32X1S_HD9
INFO: [VRFC 10-311] analyzing module buf16
INFO: [VRFC 10-311] analyzing module buf16_0
INFO: [VRFC 10-311] analyzing module buf8
INFO: [VRFC 10-311] analyzing module ctrl_kappa_mul
INFO: [VRFC 10-311] analyzing module mat_mul
INFO: [VRFC 10-311] analyzing module mul_kappa
INFO: [VRFC 10-311] analyzing module pe_2way
INFO: [VRFC 10-311] analyzing module pe_2way_1
INFO: [VRFC 10-311] analyzing module glbl
INFO: [VRFC 10-2263] Analyzing Verilog file "C:/Users/guan/Desktop/pynq_project/exponential/exponential.srcs/sim_1/new/mul_kappa_tb.v" into library xil_defaultlib
INFO: [VRFC 10-311] analyzing module mul_kappa_tb
