INFO: [VRFC 10-2263] Analyzing Verilog file "C:/Users/guan/Desktop/pynq_project/exponential/exponential.srcs/sources_1/new/kappa_mul_k.v" into library xil_defaultlib
INFO: [VRFC 10-311] analyzing module kappa_mul_k
INFO: [VRFC 10-2263] Analyzing Verilog file "C:/Users/guan/Desktop/pynq_project/exponential/exponential.srcs/sources_1/new/buf16.v" into library xil_defaultlib
INFO: [VRFC 10-311] analyzing module buf16
INFO: [VRFC 10-2263] Analyzing Verilog file "C:/Users/guan/Desktop/pynq_project/exponential/exponential.srcs/sources_1/new/buf8.v" into library xil_defaultlib
INFO: [VRFC 10-311] analyzing module buf8
INFO: [VRFC 10-2263] Analyzing Verilog file "C:/Users/guan/Desktop/pynq_project/exponential/exponential.srcs/sources_1/new/ctrl_kappa_mul.v" into library xil_defaultlib
INFO: [VRFC 10-311] analyzing module ctrl_kappa_mul
INFO: [VRFC 10-2263] Analyzing Verilog file "C:/Users/guan/Desktop/pynq_project/exponential/exponential.srcs/sources_1/new/mat_mul.v" into library xil_defaultlib
INFO: [VRFC 10-311] analyzing module mat_mul
INFO: [VRFC 10-2263] Analyzing Verilog file "C:/Users/guan/Desktop/pynq_project/exponential/exponential.srcs/sources_1/new/pe_2way.v" into library xil_defaultlib
INFO: [VRFC 10-311] analyzing module pe_2way
INFO: [VRFC 10-2263] Analyzing Verilog file "C:/Users/guan/Desktop/pynq_project/exponential/exponential.srcs/sources_1/new/mul_kappa.v" into library xil_defaultlib
INFO: [VRFC 10-311] analyzing module mul_kappa
INFO: [VRFC 10-2263] Analyzing Verilog file "C:/Users/guan/Desktop/pynq_project/exponential/exponential.srcs/sources_1/new/cas2bufa.v" into library xil_defaultlib
INFO: [VRFC 10-311] analyzing module cas2bufa
INFO: [VRFC 10-2263] Analyzing Verilog file "C:/Users/guan/Desktop/pynq_project/exponential/exponential.srcs/sources_1/new/dist_init.v" into library xil_defaultlib
INFO: [VRFC 10-311] analyzing module dist_init
INFO: [VRFC 10-2263] Analyzing Verilog file "C:/Users/guan/Desktop/pynq_project/exponential/exponential.srcs/sources_1/new/sph2cas.v" into library xil_defaultlib
INFO: [VRFC 10-311] analyzing module sph2cas
INFO: [VRFC 10-2263] Analyzing Verilog file "C:/Users/guan/Desktop/pynq_project/exponential/exponential.srcs/sources_1/new/save_exp_out.v" into library xil_defaultlib
INFO: [VRFC 10-311] analyzing module save_exp_out
WARNING: [VRFC 10-3380] identifier 'addr_counter' is used before its declaration [C:/Users/guan/Desktop/pynq_project/exponential/exponential.srcs/sources_1/new/save_exp_out.v:64]
WARNING: [VRFC 10-3380] identifier 'addr_counter' is used before its declaration [C:/Users/guan/Desktop/pynq_project/exponential/exponential.srcs/sources_1/new/save_exp_out.v:71]
INFO: [VRFC 10-2263] Analyzing Verilog file "C:/Users/guan/Desktop/pynq_project/exponential/exponential.ip_user_files/bd/design_1/ip/design_1_blk_mem_gen_0_1/sim/design_1_blk_mem_gen_0_1.v" into library xil_defaultlib
INFO: [VRFC 10-311] analyzing module design_1_blk_mem_gen_0_1
INFO: [VRFC 10-2263] Analyzing Verilog file "C:/Users/guan/Desktop/pynq_project/exponential/exponential.ip_user_files/bd/design_1/ip/design_1_blk_mem_gen_0_2/sim/design_1_blk_mem_gen_0_2.v" into library xil_defaultlib
INFO: [VRFC 10-311] analyzing module design_1_blk_mem_gen_0_2
INFO: [VRFC 10-2263] Analyzing Verilog file "C:/Users/guan/Desktop/pynq_project/exponential/exponential.ip_user_files/bd/design_1/ip/design_1_kappa_mul_k_0_0/sim/design_1_kappa_mul_k_0_0.v" into library xil_defaultlib
INFO: [VRFC 10-311] analyzing module design_1_kappa_mul_k_0_0
INFO: [VRFC 10-2263] Analyzing Verilog file "C:/Users/guan/Desktop/pynq_project/exponential/exponential.ip_user_files/bd/design_1/ip/design_1_xlslice_0_0/sim/design_1_xlslice_0_0.v" into library xil_defaultlib
INFO: [VRFC 10-311] analyzing module design_1_xlslice_0_0
INFO: [VRFC 10-2263] Analyzing Verilog file "C:/Users/guan/Desktop/pynq_project/exponential/exponential.ip_user_files/bd/design_1/ip/design_1_xlslice_0_1/sim/design_1_xlslice_0_1.v" into library xil_defaultlib
INFO: [VRFC 10-311] analyzing module design_1_xlslice_0_1
INFO: [VRFC 10-2263] Analyzing Verilog file "C:/Users/guan/Desktop/pynq_project/exponential/exponential.ip_user_files/bd/design_1/ip/design_1_mul_kappa_0_0/sim/design_1_mul_kappa_0_0.v" into library xil_defaultlib
INFO: [VRFC 10-311] analyzing module design_1_mul_kappa_0_0
INFO: [VRFC 10-2263] Analyzing Verilog file "C:/Users/guan/Desktop/pynq_project/exponential/exponential.ip_user_files/bd/design_1/ip/design_1_cas2bufa_0_0/sim/design_1_cas2bufa_0_0.v" into library xil_defaultlib
INFO: [VRFC 10-311] analyzing module design_1_cas2bufa_0_0
INFO: [VRFC 10-2263] Analyzing Verilog file "C:/Users/guan/Desktop/pynq_project/exponential/exponential.ip_user_files/bd/design_1/ip/design_1_dist_init_0_0/sim/design_1_dist_init_0_0.v" into library xil_defaultlib
INFO: [VRFC 10-311] analyzing module design_1_dist_init_0_0
INFO: [VRFC 10-2263] Analyzing Verilog file "C:/Users/guan/Desktop/pynq_project/exponential/exponential.ip_user_files/bd/design_1/ip/design_1_sph2cas_0_0/sim/design_1_sph2cas_0_0.v" into library xil_defaultlib
INFO: [VRFC 10-311] analyzing module design_1_sph2cas_0_0
INFO: [VRFC 10-2263] Analyzing Verilog file "C:/Users/guan/Desktop/pynq_project/exponential/exponential.ip_user_files/bd/design_1/ip/design_1_save_exp_out_0_0/sim/design_1_save_exp_out_0_0.v" into library xil_defaultlib
INFO: [VRFC 10-311] analyzing module design_1_save_exp_out_0_0
INFO: [VRFC 10-2263] Analyzing Verilog file "C:/Users/guan/Desktop/pynq_project/exponential/exponential.ip_user_files/bd/design_1/sim/design_1.v" into library xil_defaultlib
INFO: [VRFC 10-311] analyzing module design_1
INFO: [VRFC 10-2263] Analyzing Verilog file "C:/Users/guan/Desktop/pynq_project/exponential/exponential.gen/sources_1/bd/design_1/hdl/design_1_wrapper.v" into library xil_defaultlib
INFO: [VRFC 10-311] analyzing module design_1_wrapper
INFO: [VRFC 10-2263] Analyzing Verilog file "C:/Users/guan/Desktop/pynq_project/exponential/exponential.srcs/sim_1/new/design1_tb.v" into library xil_defaultlib
INFO: [VRFC 10-311] analyzing module design1_tb
