Vivado Simulator v2024.2.0
Copyright 1986-2022 Xilinx, Inc. All Rights Reserved.
Copyright 2022-2024 Advanced Micro Devices, Inc. All Rights Reserved.
Running: D:/xilinx/Vivado/2024.2/bin/unwrapped/win64.o/xelab.exe --incr --debug typical --relax --mt 2 -L xil_defaultlib -L blk_mem_gen_v8_4_9 -L xbip_utils_v3_0_14 -L c_reg_fd_v12_0_10 -L xbip_dsp48_wrapper_v3_0_6 -L xbip_pipe_v3_0_10 -L c_addsub_v12_0_19 -L mult_gen_v12_0_22 -L axi_utils_v2_0_10 -L cordic_v6_0_23 -L xlslice_v1_0_4 -L unisims_ver -L unimacro_ver -L secureip -L xpm --snapshot design1_tb_behav xil_defaultlib.design1_tb xil_defaultlib.glbl -log elaborate.log 
Using 2 slave threads.
Starting static elaboration
Pass Through NonSizing Optimizer
WARNING: [VRFC 10-5021] port 'm_axis_dout_tvalid' is not connected on this instance [C:/Users/guan/Desktop/pynq_project/exponential/exponential.ip_user_files/bd/design_1/sim/design_1.v:144]
WARNING: [VRFC 10-5021] port 'm_axis_dout_tvalid' is not connected on this instance [C:/Users/guan/Desktop/pynq_project/exponential/exponential.ip_user_files/bd/design_1/sim/design_1.v:149]
WARNING: [VRFC 10-5021] port 'm_axis_dout_tvalid' is not connected on this instance [C:/Users/guan/Desktop/pynq_project/exponential/exponential.ip_user_files/bd/design_1/sim/design_1.v:154]
Completed static elaboration
Starting simulation data flow analysis
Completed simulation data flow analysis
Time Resolution for simulation is 1ps
Compiling package std.standard
Compiling package std.textio
Compiling package ieee.std_logic_1164
Compiling package ieee.numeric_std
Compiling package cordic_v6_0_23.cordic_v6_0_23_viv_comp
Compiling package xbip_utils_v3_0_14.xbip_utils_v3_0_14_pkg
Compiling package xbip_pipe_v3_0_10.xbip_pipe_v3_0_10_viv_comp
Compiling package axi_utils_v2_0_10.axi_utils_v2_0_10_pkg
Compiling package ieee.math_real
Compiling package axi_utils_v2_0_10.global_util_pkg
Compiling package axi_utils_v2_0_10.axi_utils_comps
Compiling package mult_gen_v12_0_22.mult_gen_v12_0_22_pkg
Compiling package ieee.std_logic_arith
Compiling package ieee.std_logic_signed
Compiling package cordic_v6_0_23.cordic_pack
Compiling package cordic_v6_0_23.cordic_hdl_comps
Compiling package c_addsub_v12_0_19.c_addsub_v12_0_19_viv_comp
Compiling package c_addsub_v12_0_19.c_addsub_v12_0_19_pkg
Compiling package c_addsub_v12_0_19.c_addsub_v12_0_19_pkg_legacy
Compiling package c_reg_fd_v12_0_10.c_reg_fd_v12_0_10_viv_comp
Compiling package unisim.vcomponents
Compiling module blk_mem_gen_v8_4_9.blk_mem_gen_v8_4_9_output_stage(...
Compiling module blk_mem_gen_v8_4_9.blk_mem_gen_v8_4_9_softecc_outpu...
Compiling module blk_mem_gen_v8_4_9.blk_mem_gen_v8_4_9_mem_module(C_...
Compiling module blk_mem_gen_v8_4_9.blk_mem_axi_regs_fwd_v8_4(C_DATA...
Compiling module blk_mem_gen_v8_4_9.blk_mem_gen_v8_4_9(C_FAMILY="zyn...
Compiling module xil_defaultlib.design_1_blk_mem_gen_0_2
Compiling module xil_defaultlib.cas2bufa
Compiling module xil_defaultlib.design_1_cas2bufa_0_0
Compiling architecture synth of entity xbip_pipe_v3_0_10.xbip_pipe_v3_0_10_viv [\xbip_pipe_v3_0_10_viv(c_latency...]
Compiling architecture structural of entity c_reg_fd_v12_0_10.c_reg_fd_v12_0_10_viv [\c_reg_fd_v12_0_10_viv(c_width=2...]
Compiling architecture muxcy_v of entity unisim.MUXCY [muxcy_default]
Compiling architecture xorcy_v of entity unisim.XORCY [xorcy_default]
Compiling architecture rtl of entity c_addsub_v12_0_19.c_addsub_v12_0_19_lut6_legacy [\c_addsub_v12_0_19_lut6_legacy(c...]
Compiling architecture synth of entity c_addsub_v12_0_19.c_addsub_v12_0_19_fabric_legacy [\c_addsub_v12_0_19_fabric_legacy...]
Compiling architecture synth of entity c_addsub_v12_0_19.c_addsub_v12_0_19_legacy [\c_addsub_v12_0_19_legacy(c_fami...]
Compiling architecture synth of entity c_addsub_v12_0_19.c_addsub_v12_0_19_viv [\c_addsub_v12_0_19_viv(c_xdevice...]
Compiling architecture synth of entity cordic_v6_0_23.addsub [\addsub(family="zynquplus",add_m...]
Compiling architecture struct_all of entity cordic_v6_0_23.delay [\delay(delay_len=1,family="zynqu...]
Compiling architecture struct_all of entity cordic_v6_0_23.delay [\delay(delay_len=1,family="zynqu...]
Compiling architecture struct_all of entity cordic_v6_0_23.delay_bit [\delay_bit(delay_len=2,family="z...]
Compiling architecture synth of entity cordic_v6_0_23.cordic_inp_config [\cordic_inp_config(p_xdevicefami...]
Compiling architecture synth of entity cordic_v6_0_23.cordic_dat_acc_slice_par [\cordic_dat_acc_slice_par(p_xdev...]
Compiling architecture synth of entity cordic_v6_0_23.cordic_pha_acc_slice_par [\cordic_pha_acc_slice_par(p_xdev...]
Compiling architecture struct_all of entity cordic_v6_0_23.delay [\delay(delay_len=1,family="zynqu...]
Compiling architecture struct_all of entity cordic_v6_0_23.delay_bit [\delay_bit(delay_len=1,family="z...]
Compiling architecture synth of entity cordic_v6_0_23.cordic_ctrl_slice_par [\cordic_ctrl_slice_par(p_xdevice...]
Compiling architecture synth of entity cordic_v6_0_23.cordic_eng_slice_par [\cordic_eng_slice_par(p_xdevicef...]
Compiling architecture synth of entity cordic_v6_0_23.cordic_dat_acc_slice_par [\cordic_dat_acc_slice_par(p_xdev...]
Compiling architecture synth of entity cordic_v6_0_23.cordic_eng_slice_par [\cordic_eng_slice_par(p_xdevicef...]
Compiling architecture synth of entity cordic_v6_0_23.cordic_dat_acc_slice_par [\cordic_dat_acc_slice_par(p_xdev...]
Compiling architecture synth of entity cordic_v6_0_23.cordic_eng_slice_par [\cordic_eng_slice_par(p_xdevicef...]
Compiling architecture synth of entity cordic_v6_0_23.cordic_dat_acc_slice_par [\cordic_dat_acc_slice_par(p_xdev...]
Compiling architecture synth of entity cordic_v6_0_23.cordic_eng_slice_par [\cordic_eng_slice_par(p_xdevicef...]
Compiling architecture synth of entity cordic_v6_0_23.cordic_dat_acc_slice_par [\cordic_dat_acc_slice_par(p_xdev...]
Compiling architecture synth of entity cordic_v6_0_23.cordic_eng_slice_par [\cordic_eng_slice_par(p_xdevicef...]
Compiling architecture synth of entity cordic_v6_0_23.cordic_dat_acc_slice_par [\cordic_dat_acc_slice_par(p_xdev...]
Compiling architecture synth of entity cordic_v6_0_23.cordic_eng_slice_par [\cordic_eng_slice_par(p_xdevicef...]
Compiling architecture synth of entity cordic_v6_0_23.cordic_dat_acc_slice_par [\cordic_dat_acc_slice_par(p_xdev...]
Compiling architecture synth of entity cordic_v6_0_23.cordic_eng_slice_par [\cordic_eng_slice_par(p_xdevicef...]
Compiling architecture synth of entity cordic_v6_0_23.cordic_dat_acc_slice_par [\cordic_dat_acc_slice_par(p_xdev...]
Compiling architecture synth of entity cordic_v6_0_23.cordic_eng_slice_par [\cordic_eng_slice_par(p_xdevicef...]
Compiling architecture synth of entity cordic_v6_0_23.cordic_dat_acc_slice_par [\cordic_dat_acc_slice_par(p_xdev...]
Compiling architecture synth of entity cordic_v6_0_23.cordic_eng_slice_par [\cordic_eng_slice_par(p_xdevicef...]
Compiling architecture synth of entity cordic_v6_0_23.cordic_dat_acc_slice_par [\cordic_dat_acc_slice_par(p_xdev...]
Compiling architecture synth of entity cordic_v6_0_23.cordic_eng_slice_par [\cordic_eng_slice_par(p_xdevicef...]
Compiling architecture synth of entity cordic_v6_0_23.cordic_dat_acc_slice_par [\cordic_dat_acc_slice_par(p_xdev...]
Compiling architecture synth of entity cordic_v6_0_23.cordic_eng_slice_par [\cordic_eng_slice_par(p_xdevicef...]
Compiling architecture synth of entity cordic_v6_0_23.cordic_dat_acc_slice_par [\cordic_dat_acc_slice_par(p_xdev...]
Compiling architecture synth of entity cordic_v6_0_23.cordic_eng_slice_par [\cordic_eng_slice_par(p_xdevicef...]
Compiling architecture synth of entity cordic_v6_0_23.cordic_dat_acc_slice_par [\cordic_dat_acc_slice_par(p_xdev...]
Compiling architecture synth of entity cordic_v6_0_23.cordic_eng_slice_par [\cordic_eng_slice_par(p_xdevicef...]
Compiling architecture synth of entity cordic_v6_0_23.cordic_dat_acc_slice_par [\cordic_dat_acc_slice_par(p_xdev...]
Compiling architecture synth of entity cordic_v6_0_23.cordic_eng_slice_par [\cordic_eng_slice_par(p_xdevicef...]
Compiling architecture synth of entity cordic_v6_0_23.cordic_eng [\cordic_eng(p_xdevicefamily="zyn...]
Compiling architecture struct_all of entity cordic_v6_0_23.delay [\delay(delay_len=0,family="zynqu...]
Compiling architecture struct_all of entity cordic_v6_0_23.delay [\delay(delay_len=1,family="zynqu...]
Compiling architecture synth of entity cordic_v6_0_23.cordic_round [\cordic_round(p_xdevicefamily="z...]
Compiling architecture struct_all of entity cordic_v6_0_23.delay_bit [\delay_bit(delay_len=0,family="z...]
Compiling architecture synth of entity cordic_v6_0_23.cordic_out_config [\cordic_out_config(p_xdevicefami...]
Compiling architecture synth of entity cordic_v6_0_23.cordic_v6_0_23_synth [\cordic_v6_0_23_synth(c_architec...]
Compiling architecture synth of entity cordic_v6_0_23.cordic_v6_0_23_viv [\cordic_v6_0_23_viv(c_architectu...]
Compiling architecture xilinx of entity cordic_v6_0_23.cordic_v6_0_23 [\cordic_v6_0_23(c_architecture=2...]
Compiling architecture design_1_cordic_0_1_arch of entity xil_defaultlib.design_1_cordic_0_1 [design_1_cordic_0_1_default]
Compiling architecture synth of entity cordic_v6_0_23.cordic_inp_config [\cordic_inp_config(p_xdevicefami...]
Compiling architecture synth of entity cordic_v6_0_23.cordic_eng_slice_par [\cordic_eng_slice_par(p_xdevicef...]
Compiling architecture synth of entity cordic_v6_0_23.cordic_eng_slice_par [\cordic_eng_slice_par(p_xdevicef...]
Compiling architecture synth of entity cordic_v6_0_23.cordic_eng_slice_par [\cordic_eng_slice_par(p_xdevicef...]
Compiling architecture synth of entity cordic_v6_0_23.cordic_eng_slice_par [\cordic_eng_slice_par(p_xdevicef...]
Compiling architecture synth of entity cordic_v6_0_23.cordic_eng_slice_par [\cordic_eng_slice_par(p_xdevicef...]
Compiling architecture synth of entity cordic_v6_0_23.cordic_eng_slice_par [\cordic_eng_slice_par(p_xdevicef...]
Compiling architecture synth of entity cordic_v6_0_23.cordic_eng_slice_par [\cordic_eng_slice_par(p_xdevicef...]
Compiling architecture synth of entity cordic_v6_0_23.cordic_eng_slice_par [\cordic_eng_slice_par(p_xdevicef...]
Compiling architecture synth of entity cordic_v6_0_23.cordic_eng_slice_par [\cordic_eng_slice_par(p_xdevicef...]
Compiling architecture synth of entity cordic_v6_0_23.cordic_eng_slice_par [\cordic_eng_slice_par(p_xdevicef...]
Compiling architecture synth of entity cordic_v6_0_23.cordic_eng_slice_par [\cordic_eng_slice_par(p_xdevicef...]
Compiling architecture synth of entity cordic_v6_0_23.cordic_eng_slice_par [\cordic_eng_slice_par(p_xdevicef...]
Compiling architecture synth of entity cordic_v6_0_23.cordic_eng_slice_par [\cordic_eng_slice_par(p_xdevicef...]
Compiling architecture synth of entity cordic_v6_0_23.cordic_eng_slice_par [\cordic_eng_slice_par(p_xdevicef...]
Compiling architecture synth of entity cordic_v6_0_23.cordic_eng [\cordic_eng(p_xdevicefamily="zyn...]
Compiling architecture synth of entity cordic_v6_0_23.cordic_out_config [\cordic_out_config(p_xdevicefami...]
Compiling architecture synth of entity cordic_v6_0_23.cordic_v6_0_23_synth [\cordic_v6_0_23_synth(c_architec...]
Compiling architecture synth of entity cordic_v6_0_23.cordic_v6_0_23_viv [\cordic_v6_0_23_viv(c_architectu...]
Compiling architecture xilinx of entity cordic_v6_0_23.cordic_v6_0_23 [\cordic_v6_0_23(c_architecture=2...]
Compiling architecture design_1_cordic_1_0_arch of entity xil_defaultlib.design_1_cordic_1_0 [design_1_cordic_1_0_default]
Compiling architecture design_1_cordic_2_0_arch of entity xil_defaultlib.design_1_cordic_2_0 [design_1_cordic_2_0_default]
Compiling architecture design_1_cordic_3_0_arch of entity xil_defaultlib.design_1_cordic_3_0 [design_1_cordic_3_0_default]
Compiling architecture design_1_cordic_4_0_arch of entity xil_defaultlib.design_1_cordic_4_0 [design_1_cordic_4_0_default]
Compiling module xil_defaultlib.dist_init
Compiling module xil_defaultlib.design_1_dist_init_0_0
Compiling module blk_mem_gen_v8_4_9.blk_mem_gen_v8_4_9_output_stage(...
Compiling module blk_mem_gen_v8_4_9.blk_mem_gen_v8_4_9_softecc_outpu...
Compiling module blk_mem_gen_v8_4_9.blk_mem_gen_v8_4_9_mem_module(C_...
Compiling module blk_mem_gen_v8_4_9.blk_mem_gen_v8_4_9(C_FAMILY="zyn...
Compiling module xil_defaultlib.design_1_blk_mem_gen_0_1
Compiling module xil_defaultlib.kappa_mul_k
Compiling module xil_defaultlib.design_1_kappa_mul_k_0_0
Compiling module xil_defaultlib.pe_2way
Compiling module xil_defaultlib.mat_mul
Compiling module xil_defaultlib.ctrl_kappa_mul
Compiling module xil_defaultlib.buf8
Compiling module xil_defaultlib.buf16
Compiling module xil_defaultlib.mul_kappa
Compiling module xil_defaultlib.design_1_mul_kappa_0_0
Compiling module xil_defaultlib.save_exp_out
Compiling module xil_defaultlib.design_1_save_exp_out_0_0
Compiling module xil_defaultlib.sph2cas
Compiling module xil_defaultlib.design_1_sph2cas_0_0
Compiling module xlslice_v1_0_4.xlslice_v1_0_4_xlslice(DIN_FROM=...
Compiling module xil_defaultlib.design_1_xlslice_0_0
Compiling module xlslice_v1_0_4.xlslice_v1_0_4_xlslice(DIN_FROM=...
Compiling module xil_defaultlib.design_1_xlslice_0_1
Compiling module xil_defaultlib.design_1
Compiling module xil_defaultlib.design_1_wrapper
Compiling module xil_defaultlib.design1_tb
Compiling module xil_defaultlib.glbl
Built simulation snapshot design1_tb_behav
